eeschema (2012-01-19 BZR 3256)-stable  >> Creation date: 05.04.2013 17:06:36

#Cmp ( Sortiert nach Referenz )
| C1         CP1         
| C2         C           
| C3         CP1         
| C4         C           
| C5         C           
| C6         C           
| C7         C           
| C8         C           
| C9         CP1         
| C10        C           
| C11        C           
| C12        CP1         
| C13        CP1         
| D1         LED         
| D2         LED         
| D3         DIODESCH    
| D4         DIODESCH    
| D5         DIODESCH    
| D6         DIODESCH    
| D7         LED         
| D8         LED         
| IC1        ATXMEGA32A4U
| L1         INDUCTOR    
| L2         INDUCTOR    
| P1         CONN_20     
| P2         CONN_3X2    
| P3         CONN_20     
| P4         MICROUSB    
| R1         R           
| R2         R           
| R3         R           
| R4         R           
| R5         R           
| X1         CRYSTAL     
#Ende der Komponente

#Komponenten ( Sortiert nach Wert )
| ATXMEGA32A4U IC1       
| C            C2        
| C            C4        
| C            C5        
| C            C6        
| C            C7        
| C            C8        
| C            C10       
| C            C11       
| CONN_20      P1        
| CONN_20      P3        
| CONN_3X2     P2        
| CP1          C1        
| CP1          C3        
| CP1          C9        
| CP1          C12       
| CP1          C13       
| CRYSTAL      X1        
| DIODESCH     D3        
| DIODESCH     D4        
| DIODESCH     D5        
| DIODESCH     D6        
| INDUCTOR     L1        
| INDUCTOR     L2        
| LED          D1        
| LED          D2        
| LED          D7        
| LED          D8        
| MICROUSB     P4        
| R            R1        
| R            R2        
| R            R3        
| R            R4        
| R            R5        
#Ende der Komponente

#Ende der Liste
